// Jest Snapshot v1, https://goo.gl/fbAQLP

exports[`displays the MainNavigation correctly 1`] = `
<Menu
  className=""
  defaultSelectedKeys={
    Array [
      "1",
    ]
  }
  focusable={false}
  mode="horizontal"
  style={
    Object {
      "lineHeight": "64px",
    }
  }
  theme="dark"
>
  <MenuItem
    key="1"
  >
    Search
  </MenuItem>
  <MenuItem
    key="2"
  >
    About
  </MenuItem>
</Menu>
`;
